[checkpoint] start serial
Running mode=serial p=1 run=1
[INIT] nx=500 ny=197 copies_y=1 ng=2 Lx=0.225 Ly=0.089 dx=0.00045 dy=0.000451776649746 cfl=0.4 t_end=0.0011741
[INIT] initial dt=2.21083874874e-07
[LOOP] step=0 t=0 dt=2.21083874874e-07 wall_so_far=0.00079899
[LOOP] step=500 t=8.98545907982e-05 dt=1.72929036454e-07 wall_so_far=7.041758434
[LOOP] step=1000 t=0.00017602833528 dt=1.70857928796e-07 wall_so_far=14.407982735
[LOOP] step=1500 t=0.000261001091894 dt=1.69787613663e-07 wall_so_far=22.114975107
[LOOP] step=2000 t=0.00034608989336 dt=1.70726950347e-07 wall_so_far=30.074430539
[LOOP] step=2500 t=0.000431860674164 dt=1.72807586938e-07 wall_so_far=38.236598734
[LOOP] step=3000 t=0.000519879256349 dt=1.80050710657e-07 wall_so_far=46.592490232
[LOOP] step=3500 t=0.000607856867537 dt=1.71662686339e-07 wall_so_far=55.04357594
[LOOP] step=4000 t=0.000692354242098 dt=1.67587000647e-07 wall_so_far=63.422039231
[LOOP] step=4500 t=0.00077607974027 dt=1.67144753365e-07 wall_so_far=71.774299661
[LOOP] step=5000 t=0.000859006279276 dt=1.6446405901e-07 wall_so_far=80.073428747
[LOOP] step=5500 t=0.00094081913624 dt=1.62986583659e-07 wall_so_far=88.341079162
[LOOP] step=6000 t=0.00102225038646 dt=1.62959448004e-07 wall_so_far=96.584929514
[LOOP] step=6500 t=0.00110400967309 dt=1.64289204646e-07 wall_so_far=104.820435066
mode=serial p=1 nx=500 ny=197 copies_y=1 steps=6926 wall_seconds=111.847944771
Running mode=serial p=1 run=2
[INIT] nx=500 ny=197 copies_y=1 ng=2 Lx=0.225 Ly=0.089 dx=0.00045 dy=0.000451776649746 cfl=0.4 t_end=0.0011741
[INIT] initial dt=2.21083874874e-07
[LOOP] step=0 t=0 dt=2.21083874874e-07 wall_so_far=0.000761309
[LOOP] step=500 t=8.98545907982e-05 dt=1.72929036454e-07 wall_so_far=7.156994625
[LOOP] step=1000 t=0.00017602833528 dt=1.70857928796e-07 wall_so_far=14.516057754
[LOOP] step=1500 t=0.000261001091894 dt=1.69787613663e-07 wall_so_far=22.196583282
[LOOP] step=2000 t=0.00034608989336 dt=1.70726950347e-07 wall_so_far=30.130826386
[LOOP] step=2500 t=0.000431860674164 dt=1.72807586938e-07 wall_so_far=38.254261975
[LOOP] step=3000 t=0.000519879256349 dt=1.80050710657e-07 wall_so_far=46.587279868
[LOOP] step=3500 t=0.000607856867537 dt=1.71662686339e-07 wall_so_far=55.031271474
[LOOP] step=4000 t=0.000692354242098 dt=1.67587000647e-07 wall_so_far=63.394856632
[LOOP] step=4500 t=0.00077607974027 dt=1.67144753365e-07 wall_so_far=71.73166051
[LOOP] step=5000 t=0.000859006279276 dt=1.6446405901e-07 wall_so_far=80.014389219
[LOOP] step=5500 t=0.00094081913624 dt=1.62986583659e-07 wall_so_far=88.245945212
[LOOP] step=6000 t=0.00102225038646 dt=1.62959448004e-07 wall_so_far=96.475233041
[LOOP] step=6500 t=0.00110400967309 dt=1.64289204646e-07 wall_so_far=104.703463148
mode=serial p=1 nx=500 ny=197 copies_y=1 steps=6926 wall_seconds=111.725758611
[checkpoint] finished serial
[checkpoint] start omp
Running mode=omp p=1 run=1
[INIT] nx=500 ny=197 copies_y=1 ng=2 Lx=0.225 Ly=0.089 dx=0.00045 dy=0.000451776649746 cfl=0.4 t_end=0.0011741
[INIT] initial dt=2.21083874874e-07
[LOOP] step=0 t=0 dt=2.21083874874e-07 wall_so_far=0.000778523
[LOOP] step=500 t=8.98545907982e-05 dt=1.72929036454e-07 wall_so_far=6.835562505
[LOOP] step=1000 t=0.00017602833528 dt=1.70857928796e-07 wall_so_far=13.806266991
[LOOP] step=1500 t=0.000261001091894 dt=1.69787613663e-07 wall_so_far=21.163469074
[LOOP] step=2000 t=0.00034608989336 dt=1.70726950347e-07 wall_so_far=28.824165784
[LOOP] step=2500 t=0.000431860674164 dt=1.72807586938e-07 wall_so_far=36.710521099
[LOOP] step=3000 t=0.000519879256349 dt=1.80050710657e-07 wall_so_far=44.851082589
[LOOP] step=3500 t=0.000607856867537 dt=1.71662686339e-07 wall_so_far=53.131910096
[LOOP] step=4000 t=0.000692354242098 dt=1.67587000647e-07 wall_so_far=61.335273422
[LOOP] step=4500 t=0.00077607974027 dt=1.67144753365e-07 wall_so_far=69.499695027
[LOOP] step=5000 t=0.000859006279276 dt=1.6446405901e-07 wall_so_far=77.597962685
[LOOP] step=5500 t=0.00094081913624 dt=1.62986583659e-07 wall_so_far=85.631073304
[LOOP] step=6000 t=0.00102225038646 dt=1.62959448004e-07 wall_so_far=93.660969613
[LOOP] step=6500 t=0.00110400967309 dt=1.64289204646e-07 wall_so_far=101.683731166
mode=omp p=1 nx=500 ny=197 copies_y=1 steps=6926 wall_seconds=108.534422111
Running mode=omp p=1 run=2
[INIT] nx=500 ny=197 copies_y=1 ng=2 Lx=0.225 Ly=0.089 dx=0.00045 dy=0.000451776649746 cfl=0.4 t_end=0.0011741
[INIT] initial dt=2.21083874874e-07
[LOOP] step=0 t=0 dt=2.21083874874e-07 wall_so_far=0.000779756
[LOOP] step=500 t=8.98545907982e-05 dt=1.72929036454e-07 wall_so_far=6.669053334
[LOOP] step=1000 t=0.00017602833528 dt=1.70857928796e-07 wall_so_far=13.65996995
[LOOP] step=1500 t=0.000261001091894 dt=1.69787613663e-07 wall_so_far=21.022395923
[LOOP] step=2000 t=0.00034608989336 dt=1.70726950347e-07 wall_so_far=28.682480602
[LOOP] step=2500 t=0.000431860674164 dt=1.72807586938e-07 wall_so_far=36.576626077
[LOOP] step=3000 t=0.000519879256349 dt=1.80050710657e-07 wall_so_far=44.718176599
[LOOP] step=3500 t=0.000607856867537 dt=1.71662686339e-07 wall_so_far=52.998109995
[LOOP] step=4000 t=0.000692354242098 dt=1.67587000647e-07 wall_so_far=61.196868033
[LOOP] step=4500 t=0.00077607974027 dt=1.67144753365e-07 wall_so_far=69.353092616
[LOOP] step=5000 t=0.000859006279276 dt=1.6446405901e-07 wall_so_far=77.441827052
[LOOP] step=5500 t=0.00094081913624 dt=1.62986583659e-07 wall_so_far=85.489279228
[LOOP] step=6000 t=0.00102225038646 dt=1.62959448004e-07 wall_so_far=93.54132518
[LOOP] step=6500 t=0.00110400967309 dt=1.64289204646e-07 wall_so_far=101.587687532
mode=omp p=1 nx=500 ny=197 copies_y=1 steps=6926 wall_seconds=108.461112837
Running mode=omp p=2 run=1
[INIT] nx=500 ny=394 copies_y=2 ng=2 Lx=0.225 Ly=0.178 dx=0.00045 dy=0.000451776649746 cfl=0.4 t_end=0.0011741
[INIT] initial dt=2.21083874874e-07
[LOOP] step=0 t=0 dt=2.21083874874e-07 wall_so_far=0.002135593
[LOOP] step=500 t=8.98545907982e-05 dt=1.72929036454e-07 wall_so_far=6.910745654
[LOOP] step=1000 t=0.000176026970926 dt=1.70768550607e-07 wall_so_far=14.050676342
[LOOP] step=1500 t=0.000261011465681 dt=1.70316244344e-07 wall_so_far=21.598601964
[LOOP] step=2000 t=0.000346677198118 dt=1.71988875972e-07 wall_so_far=29.533441933
[LOOP] step=2500 t=0.000432989757361 dt=1.73435873711e-07 wall_so_far=37.856255443
[LOOP] step=3000 t=0.000521002020822 dt=1.7870733017e-07 wall_so_far=46.480803274
[LOOP] step=3500 t=0.000607928739781 dt=1.69457844278e-07 wall_so_far=55.193058818
[LOOP] step=4000 t=0.00069183137153 dt=1.67161700025e-07 wall_so_far=63.922175202
[LOOP] step=4500 t=0.000775459100197 dt=1.67134365948e-07 wall_so_far=72.853280106
[LOOP] step=5000 t=0.000858405087094 dt=1.64426466564e-07 wall_so_far=81.609853169
[LOOP] step=5500 t=0.00094024645632 dt=1.63266876065e-07 wall_so_far=90.335226554
[LOOP] step=6000 t=0.00102182603342 dt=1.63080022667e-07 wall_so_far=99.046632307
[LOOP] step=6500 t=0.00110344792938 dt=1.63585711854e-07 wall_so_far=107.746117737
mode=omp p=2 nx=500 ny=394 copies_y=2 steps=6930 wall_seconds=115.17454936
Running mode=omp p=2 run=2
[INIT] nx=500 ny=394 copies_y=2 ng=2 Lx=0.225 Ly=0.178 dx=0.00045 dy=0.000451776649746 cfl=0.4 t_end=0.0011741
[INIT] initial dt=2.21083874874e-07
[LOOP] step=0 t=0 dt=2.21083874874e-07 wall_so_far=0.002140802
[LOOP] step=500 t=8.98545907982e-05 dt=1.72929036454e-07 wall_so_far=6.879240593
[LOOP] step=1000 t=0.000176026970926 dt=1.70768550607e-07 wall_so_far=13.94341871
[LOOP] step=1500 t=0.000261011465681 dt=1.70316244344e-07 wall_so_far=21.403978325
[LOOP] step=2000 t=0.000346677198118 dt=1.71988875972e-07 wall_so_far=29.25002246
[LOOP] step=2500 t=0.000432989757361 dt=1.73435873711e-07 wall_so_far=37.46954037
[LOOP] step=3000 t=0.000521002020822 dt=1.7870733017e-07 wall_so_far=45.961526079
[LOOP] step=3500 t=0.000607928739781 dt=1.69457844278e-07 wall_so_far=54.561915225
[LOOP] step=4000 t=0.00069183137153 dt=1.67161700025e-07 wall_so_far=63.236388582
[LOOP] step=4500 t=0.000775459100197 dt=1.67134365948e-07 wall_so_far=71.808876263
[LOOP] step=5000 t=0.000858405087094 dt=1.64426466564e-07 wall_so_far=80.39787551
[LOOP] step=5500 t=0.00094024645632 dt=1.63266876065e-07 wall_so_far=88.941105708
[LOOP] step=6000 t=0.00102182603342 dt=1.63080022667e-07 wall_so_far=97.501636135
[LOOP] step=6500 t=0.00110344792938 dt=1.63585711854e-07 wall_so_far=106.055899886
mode=omp p=2 nx=500 ny=394 copies_y=2 steps=6930 wall_seconds=113.369035168
Running mode=omp p=4 run=1
[INIT] nx=500 ny=788 copies_y=4 ng=2 Lx=0.225 Ly=0.356 dx=0.00045 dy=0.000451776649746 cfl=0.4 t_end=0.0011741
[INIT] initial dt=2.21083874874e-07
[LOOP] step=0 t=0 dt=2.21083874874e-07 wall_so_far=0.002136972
[LOOP] step=500 t=8.98545907982e-05 dt=1.72929036454e-07 wall_so_far=8.130447508
[LOOP] step=1000 t=0.000176026610058 dt=1.7076854161e-07 wall_so_far=15.82153829
[LOOP] step=1500 t=0.000261000605922 dt=1.70315596633e-07 wall_so_far=23.656873306
[LOOP] step=2000 t=0.000346655117391 dt=1.71776700163e-07 wall_so_far=32.044191045
[LOOP] step=2500 t=0.000432861597698 dt=1.733266421e-07 wall_so_far=40.661297038
[LOOP] step=3000 t=0.000520906538056 dt=1.78427495472e-07 wall_so_far=49.940591884
[LOOP] step=3500 t=0.000607808417294 dt=1.69840404219e-07 wall_so_far=58.955117004
[LOOP] step=4000 t=0.000691713177321 dt=1.66379568149e-07 wall_so_far=68.001972092
[LOOP] step=4500 t=0.000774814297115 dt=1.66480232468e-07 wall_so_far=77.637952083
[LOOP] step=5000 t=0.000857807698129 dt=1.64886918356e-07 wall_so_far=86.940776482
[LOOP] step=5500 t=0.000939999987856 dt=1.63946055408e-07 wall_so_far=96.053221482
[LOOP] step=6000 t=0.00102175379942 dt=1.63387719691e-07 wall_so_far=105.09990842
[LOOP] step=6500 t=0.00110344817724 dt=1.63625120547e-07 wall_so_far=114.167926681
mode=omp p=4 nx=500 ny=788 copies_y=4 steps=6930 wall_seconds=121.852592545
Running mode=omp p=4 run=2
[INIT] nx=500 ny=788 copies_y=4 ng=2 Lx=0.225 Ly=0.356 dx=0.00045 dy=0.000451776649746 cfl=0.4 t_end=0.0011741
[INIT] initial dt=2.21083874874e-07
[LOOP] step=0 t=0 dt=2.21083874874e-07 wall_so_far=0.002331718
[LOOP] step=500 t=8.98545907982e-05 dt=1.72929036454e-07 wall_so_far=7.103667196
[LOOP] step=1000 t=0.000176026610058 dt=1.7076854161e-07 wall_so_far=14.474212226
[LOOP] step=1500 t=0.000261000605922 dt=1.70315596633e-07 wall_so_far=22.261473297
[LOOP] step=2000 t=0.000346655117391 dt=1.71776700163e-07 wall_so_far=30.784859713
[LOOP] step=2500 t=0.000432861597698 dt=1.733266421e-07 wall_so_far=39.422631851
[LOOP] step=3000 t=0.000520906538056 dt=1.78427495472e-07 wall_so_far=48.412505036
[LOOP] step=3500 t=0.000607808417294 dt=1.69840404219e-07 wall_so_far=57.274845179
[LOOP] step=4000 t=0.000691713177321 dt=1.66379568149e-07 wall_so_far=66.167341965
[LOOP] step=4500 t=0.000774814297115 dt=1.66480232468e-07 wall_so_far=75.273932154
[LOOP] step=5000 t=0.000857807698129 dt=1.64886918356e-07 wall_so_far=84.514254042
[LOOP] step=5500 t=0.000939999987856 dt=1.63946055408e-07 wall_so_far=93.563923575
[LOOP] step=6000 t=0.00102175379942 dt=1.63387719691e-07 wall_so_far=102.733751209
[LOOP] step=6500 t=0.00110344817724 dt=1.63625120547e-07 wall_so_far=111.710376542
mode=omp p=4 nx=500 ny=788 copies_y=4 steps=6930 wall_seconds=119.394470727
Running mode=omp p=8 run=1
[INIT] nx=500 ny=1576 copies_y=8 ng=2 Lx=0.225 Ly=0.712 dx=0.00045 dy=0.000451776649746 cfl=0.4 t_end=0.0011741
[INIT] initial dt=2.21083874874e-07
[LOOP] step=0 t=0 dt=2.21083874874e-07 wall_so_far=0.002434127
[LOOP] step=500 t=8.98545907982e-05 dt=1.72929036454e-07 wall_so_far=8.515439837
[LOOP] step=1000 t=0.000176026610058 dt=1.7076854161e-07 wall_so_far=16.609329383
[LOOP] step=1500 t=0.000261000605922 dt=1.70315596633e-07 wall_so_far=25.244942794
[LOOP] step=2000 t=0.000346655117391 dt=1.71776700163e-07 wall_so_far=34.17304128
[LOOP] step=2500 t=0.000432861597698 dt=1.733266421e-07 wall_so_far=43.756200421
[LOOP] step=3000 t=0.000520906538056 dt=1.78427495472e-07 wall_so_far=53.652408242
[LOOP] step=3500 t=0.000607808417294 dt=1.69840404219e-07 wall_so_far=63.900673426
[LOOP] step=4000 t=0.000691788725705 dt=1.66854976464e-07 wall_so_far=73.752274626
[LOOP] step=4500 t=0.000775132044227 dt=1.66759236872e-07 wall_so_far=83.730183323
[LOOP] step=5000 t=0.000858164936541 dt=1.64879744589e-07 wall_so_far=93.706141349
[LOOP] step=5500 t=0.000940371069615 dt=1.63988872117e-07 wall_so_far=103.447781648
[LOOP] step=6000 t=0.00102216976498 dt=1.63575304344e-07 wall_so_far=114.376481162
[LOOP] step=6500 t=0.00110404307443 dt=1.64200183874e-07 wall_so_far=123.877100626
mode=omp p=8 nx=500 ny=1576 copies_y=8 steps=6925 wall_seconds=131.958611512
Running mode=omp p=8 run=2
[INIT] nx=500 ny=1576 copies_y=8 ng=2 Lx=0.225 Ly=0.712 dx=0.00045 dy=0.000451776649746 cfl=0.4 t_end=0.0011741
[INIT] initial dt=2.21083874874e-07
[LOOP] step=0 t=0 dt=2.21083874874e-07 wall_so_far=0.002352313
[LOOP] step=500 t=8.98545907982e-05 dt=1.72929036454e-07 wall_so_far=7.691670097
[LOOP] step=1000 t=0.000176026610058 dt=1.7076854161e-07 wall_so_far=15.841230161
[LOOP] step=1500 t=0.000261000605922 dt=1.70315596633e-07 wall_so_far=24.550328457
[LOOP] step=2000 t=0.000346655117391 dt=1.71776700163e-07 wall_so_far=33.126035326
[LOOP] step=2500 t=0.000432861597698 dt=1.733266421e-07 wall_so_far=42.462116321
[LOOP] step=3000 t=0.000520906538056 dt=1.78427495472e-07 wall_so_far=52.168052135
[LOOP] step=3500 t=0.000607808417294 dt=1.69840404219e-07 wall_so_far=61.549940906
[LOOP] step=4000 t=0.000691788725705 dt=1.66854976464e-07 wall_so_far=71.089630068
[LOOP] step=4500 t=0.000775132044227 dt=1.66759236872e-07 wall_so_far=80.627917135
[LOOP] step=5000 t=0.000858164936541 dt=1.64879744589e-07 wall_so_far=90.178018294
[LOOP] step=5500 t=0.000940371069615 dt=1.63988872117e-07 wall_so_far=99.549737083
[LOOP] step=6000 t=0.00102216976498 dt=1.63575304344e-07 wall_so_far=109.446913399
[LOOP] step=6500 t=0.00110404307443 dt=1.64200183874e-07 wall_so_far=118.747967634
mode=omp p=8 nx=500 ny=1576 copies_y=8 steps=6925 wall_seconds=127.038264102
Running mode=omp p=16 run=1
[INIT] nx=500 ny=3152 copies_y=16 ng=2 Lx=0.225 Ly=1.424 dx=0.00045 dy=0.000451776649746 cfl=0.4 t_end=0.0011741
[INIT] initial dt=2.21083874874e-07
[LOOP] step=0 t=0 dt=2.21083874874e-07 wall_so_far=0.002958376
[LOOP] step=500 t=8.98545907982e-05 dt=1.72929036454e-07 wall_so_far=9.966447065
[LOOP] step=1000 t=0.000176026610058 dt=1.7076854161e-07 wall_so_far=19.734924975
[LOOP] step=1500 t=0.000261000605922 dt=1.70315596633e-07 wall_so_far=30.033643335
[LOOP] step=2000 t=0.000346655117391 dt=1.71776700163e-07 wall_so_far=41.176762806
[LOOP] step=2500 t=0.000432861597698 dt=1.733266421e-07 wall_so_far=52.304486499
[LOOP] step=3000 t=0.000520906538056 dt=1.78427495472e-07 wall_so_far=63.65742762
[LOOP] step=3500 t=0.000607808417294 dt=1.69840404219e-07 wall_so_far=75.11961048
[LOOP] step=4000 t=0.000691788725705 dt=1.66854976464e-07 wall_so_far=87.097543246
[LOOP] step=4500 t=0.000775132044227 dt=1.66759236872e-07 wall_so_far=98.422109617
[LOOP] step=5000 t=0.000858164936541 dt=1.64879744589e-07 wall_so_far=109.791129993
[LOOP] step=5500 t=0.000940371069615 dt=1.63988872117e-07 wall_so_far=122.505176186
[LOOP] step=6000 t=0.00102216976498 dt=1.63575304344e-07 wall_so_far=133.425240888
[LOOP] step=6500 t=0.00110404307443 dt=1.64200183874e-07 wall_so_far=144.756693851
mode=omp p=16 nx=500 ny=3152 copies_y=16 steps=6925 wall_seconds=154.262841664
Running mode=omp p=16 run=2
[INIT] nx=500 ny=3152 copies_y=16 ng=2 Lx=0.225 Ly=1.424 dx=0.00045 dy=0.000451776649746 cfl=0.4 t_end=0.0011741
[INIT] initial dt=2.21083874874e-07
[LOOP] step=0 t=0 dt=2.21083874874e-07 wall_so_far=0.002641004
[LOOP] step=500 t=8.98545907982e-05 dt=1.72929036454e-07 wall_so_far=10.231807683
[LOOP] step=1000 t=0.000176026610058 dt=1.7076854161e-07 wall_so_far=20.349909457
[LOOP] step=1500 t=0.000261000605922 dt=1.70315596633e-07 wall_so_far=30.51345055
[LOOP] step=2000 t=0.000346655117391 dt=1.71776700163e-07 wall_so_far=41.384756143
[LOOP] step=2500 t=0.000432861597698 dt=1.733266421e-07 wall_so_far=52.638010318
[LOOP] step=3000 t=0.000520906538056 dt=1.78427495472e-07 wall_so_far=64.256105182
[LOOP] step=3500 t=0.000607808417294 dt=1.69840404219e-07 wall_so_far=75.420893809
[LOOP] step=4000 t=0.000691788725705 dt=1.66854976464e-07 wall_so_far=86.954207091
[LOOP] step=4500 t=0.000775132044227 dt=1.66759236872e-07 wall_so_far=98.457197159
[LOOP] step=5000 t=0.000858164936541 dt=1.64879744589e-07 wall_so_far=110.360967307
[LOOP] step=5500 t=0.000940371069615 dt=1.63988872117e-07 wall_so_far=122.002123254
[LOOP] step=6000 t=0.00102216976498 dt=1.63575304344e-07 wall_so_far=133.463535179
[LOOP] step=6500 t=0.00110404307443 dt=1.64200183874e-07 wall_so_far=145.013530457
mode=omp p=16 nx=500 ny=3152 copies_y=16 steps=6925 wall_seconds=155.357704779
[checkpoint] finished omp
[checkpoint] start mpi
Running mode=mpi p=1 run=1
[INIT] nx=500 ny=197 copies_y=1 ng=2 Lx=0.225 Ly=0.089 dx=0.00045 dy=0.000451776649746 cfl=0.4 t_end=0.0011741
[INIT] initial dt=2.21083874874e-07
[LOOP] step=0 t=0 dt=2.21083874874e-07 wall_so_far=0.000757402
[LOOP] step=500 t=8.98545907982e-05 dt=1.72929036454e-07 wall_so_far=7.08443593
[LOOP] step=1000 t=0.00017602833528 dt=1.70857928796e-07 wall_so_far=14.344188131
[LOOP] step=1500 t=0.000261001091894 dt=1.69787613663e-07 wall_so_far=21.922748788
[LOOP] step=2000 t=0.00034608989336 dt=1.70726950347e-07 wall_so_far=29.763410579
[LOOP] step=2500 t=0.000431860674164 dt=1.72807586938e-07 wall_so_far=37.805007299
[LOOP] step=3000 t=0.000519879256349 dt=1.80050710657e-07 wall_so_far=46.051581365
[LOOP] step=3500 t=0.000607856867537 dt=1.71662686339e-07 wall_so_far=54.407846723
[LOOP] step=4000 t=0.000692354242098 dt=1.67587000647e-07 wall_so_far=62.69232041
[LOOP] step=4500 t=0.00077607974027 dt=1.67144753365e-07 wall_so_far=70.95522217
[LOOP] step=5000 t=0.000859006279276 dt=1.6446405901e-07 wall_so_far=79.154263406
[LOOP] step=5500 t=0.00094081913624 dt=1.62986583659e-07 wall_so_far=87.298401676
[LOOP] step=6000 t=0.00102225038646 dt=1.62959448004e-07 wall_so_far=95.437996091
[LOOP] step=6500 t=0.00110400967309 dt=1.64289204646e-07 wall_so_far=103.62225104
mode=mpi p=1 nx=500 ny=197 copies_y=1 steps=6926 wall_seconds=110.559412262
Running mode=mpi p=1 run=2
[INIT] nx=500 ny=197 copies_y=1 ng=2 Lx=0.225 Ly=0.089 dx=0.00045 dy=0.000451776649746 cfl=0.4 t_end=0.0011741
[INIT] initial dt=2.21083874874e-07
[LOOP] step=0 t=0 dt=2.21083874874e-07 wall_so_far=0.00040331
[LOOP] step=500 t=8.98545907982e-05 dt=1.72929036454e-07 wall_so_far=6.823518016
[LOOP] step=1000 t=0.00017602833528 dt=1.70857928796e-07 wall_so_far=14.088447667
[LOOP] step=1500 t=0.000261001091894 dt=1.69787613663e-07 wall_so_far=21.67076164
[LOOP] step=2000 t=0.00034608989336 dt=1.70726950347e-07 wall_so_far=29.497421735
[LOOP] step=2500 t=0.000431860674164 dt=1.72807586938e-07 wall_so_far=37.528399536
[LOOP] step=3000 t=0.000519879256349 dt=1.80050710657e-07 wall_so_far=45.760498936
[LOOP] step=3500 t=0.000607856867537 dt=1.71662686339e-07 wall_so_far=54.106798854
[LOOP] step=4000 t=0.000692354242098 dt=1.67587000647e-07 wall_so_far=62.382948563
[LOOP] step=4500 t=0.00077607974027 dt=1.67144753365e-07 wall_so_far=70.629526876
[LOOP] step=5000 t=0.000859006279276 dt=1.6446405901e-07 wall_so_far=78.826867546
[LOOP] step=5500 t=0.00094081913624 dt=1.62986583659e-07 wall_so_far=86.973886414
[LOOP] step=6000 t=0.00102225038646 dt=1.62959448004e-07 wall_so_far=95.114402977
[LOOP] step=6500 t=0.00110400967309 dt=1.64289204646e-07 wall_so_far=103.254002307
mode=mpi p=1 nx=500 ny=197 copies_y=1 steps=6926 wall_seconds=110.20978675
Running mode=mpi p=2 run=1
[INIT] nx=500 ny=394 copies_y=2 ng=2 Lx=0.225 Ly=0.178 dx=0.00045 dy=0.000451776649746 cfl=0.4 t_end=0.0011741
[INIT] initial dt=2.21083874874e-07
[LOOP] step=0 t=0 dt=2.21083874874e-07 wall_so_far=0.000772541
[LOOP] step=500 t=8.98545907982e-05 dt=1.72929036454e-07 wall_so_far=7.123742194
[LOOP] step=1000 t=0.000176026970926 dt=1.70768550607e-07 wall_so_far=14.436861795
[LOOP] step=1500 t=0.000261011465681 dt=1.70316244344e-07 wall_so_far=22.105237582
[LOOP] step=2000 t=0.000346677198118 dt=1.71988875972e-07 wall_so_far=30.114861133
[LOOP] step=2500 t=0.000432989757361 dt=1.73435873711e-07 wall_so_far=38.434905382
[LOOP] step=3000 t=0.000521002020822 dt=1.7870733017e-07 wall_so_far=47.007721222
[LOOP] step=3500 t=0.000607928739781 dt=1.69457844278e-07 wall_so_far=55.697322249
[LOOP] step=4000 t=0.00069183137153 dt=1.67161700025e-07 wall_so_far=64.398345199
[LOOP] step=4500 t=0.000775459100197 dt=1.67134365948e-07 wall_so_far=73.075355968
[LOOP] step=5000 t=0.000858405087094 dt=1.64426466564e-07 wall_so_far=81.762384013
[LOOP] step=5500 t=0.00094024645632 dt=1.63266876065e-07 wall_so_far=90.389585056
[LOOP] step=6000 t=0.00102182603342 dt=1.63080022667e-07 wall_so_far=99.053124949
[LOOP] step=6500 t=0.00110344792938 dt=1.63585711854e-07 wall_so_far=107.727583637
mode=mpi p=2 nx=500 ny=394 copies_y=2 steps=6930 wall_seconds=115.229123936
Running mode=mpi p=2 run=2
[INIT] nx=500 ny=394 copies_y=2 ng=2 Lx=0.225 Ly=0.178 dx=0.00045 dy=0.000451776649746 cfl=0.4 t_end=0.0011741
[INIT] initial dt=2.21083874874e-07
[LOOP] step=0 t=0 dt=2.21083874874e-07 wall_so_far=0.000411093
[LOOP] step=500 t=8.98545907982e-05 dt=1.72929036454e-07 wall_so_far=6.857357034
[LOOP] step=1000 t=0.000176026970926 dt=1.70768550607e-07 wall_so_far=14.154172713
[LOOP] step=1500 t=0.000261011465681 dt=1.70316244344e-07 wall_so_far=21.788259091
[LOOP] step=2000 t=0.000346677198118 dt=1.71988875972e-07 wall_so_far=29.75383323
[LOOP] step=2500 t=0.000432989757361 dt=1.73435873711e-07 wall_so_far=38.041357432
[LOOP] step=3000 t=0.000521002020822 dt=1.7870733017e-07 wall_so_far=46.557056701
[LOOP] step=3500 t=0.000607928739781 dt=1.69457844278e-07 wall_so_far=55.149985981
[LOOP] step=4000 t=0.00069183137153 dt=1.67161700025e-07 wall_so_far=63.787517018
[LOOP] step=4500 t=0.000775459100197 dt=1.67134365948e-07 wall_so_far=72.411188424
[LOOP] step=5000 t=0.000858405087094 dt=1.64426466564e-07 wall_so_far=81.053532641
[LOOP] step=5500 t=0.00094024645632 dt=1.63266876065e-07 wall_so_far=89.652629585
[LOOP] step=6000 t=0.00102182603342 dt=1.63080022667e-07 wall_so_far=98.249245425
[LOOP] step=6500 t=0.00110344792938 dt=1.63585711854e-07 wall_so_far=106.84979875
mode=mpi p=2 nx=500 ny=394 copies_y=2 steps=6930 wall_seconds=114.209643202
Running mode=mpi p=4 run=1
[INIT] nx=500 ny=788 copies_y=4 ng=2 Lx=0.225 Ly=0.356 dx=0.00045 dy=0.000451776649746 cfl=0.4 t_end=0.0011741
[INIT] initial dt=2.21083874874e-07
[LOOP] step=0 t=0 dt=2.21083874874e-07 wall_so_far=0.000784434
[LOOP] step=500 t=8.98545907982e-05 dt=1.72929036454e-07 wall_so_far=7.330348738
[LOOP] step=1000 t=0.000176026610058 dt=1.7076854161e-07 wall_so_far=14.693083869
[LOOP] step=1500 t=0.000261000605922 dt=1.70315596633e-07 wall_so_far=22.435834874
[LOOP] step=2000 t=0.000346655117391 dt=1.71776700163e-07 wall_so_far=30.574121787
[LOOP] step=2500 t=0.000432861597698 dt=1.733266421e-07 wall_so_far=39.047747595
[LOOP] step=3000 t=0.000520906538056 dt=1.78427495472e-07 wall_so_far=47.804252686
[LOOP] step=3500 t=0.000607808417294 dt=1.69840404219e-07 wall_so_far=56.550418629
[LOOP] step=4000 t=0.000691713177321 dt=1.66379568149e-07 wall_so_far=65.355673913
[LOOP] step=4500 t=0.000774814297115 dt=1.66480232468e-07 wall_so_far=74.330295758
[LOOP] step=5000 t=0.000857807698129 dt=1.64886918356e-07 wall_so_far=83.267396937
[LOOP] step=5500 t=0.000939999987856 dt=1.63946055408e-07 wall_so_far=92.147518962
[LOOP] step=6000 t=0.00102175379942 dt=1.63387719691e-07 wall_so_far=100.960781
[LOOP] step=6500 t=0.00110344817724 dt=1.63625120547e-07 wall_so_far=109.696201951
mode=mpi p=4 nx=500 ny=788 copies_y=4 steps=6930 wall_seconds=117.21078619
Running mode=mpi p=4 run=2
[INIT] nx=500 ny=788 copies_y=4 ng=2 Lx=0.225 Ly=0.356 dx=0.00045 dy=0.000451776649746 cfl=0.4 t_end=0.0011741
[INIT] initial dt=2.21083874874e-07
[LOOP] step=0 t=0 dt=2.21083874874e-07 wall_so_far=0.000868867
[LOOP] step=500 t=8.98545907982e-05 dt=1.72929036454e-07 wall_so_far=7.942717467
[LOOP] step=1000 t=0.000176026610058 dt=1.7076854161e-07 wall_so_far=15.329971968
[LOOP] step=1500 t=0.000261000605922 dt=1.70315596633e-07 wall_so_far=23.114677869
[LOOP] step=2000 t=0.000346655117391 dt=1.71776700163e-07 wall_so_far=31.420244172
[LOOP] step=2500 t=0.000432861597698 dt=1.733266421e-07 wall_so_far=39.922468627
[LOOP] step=3000 t=0.000520906538056 dt=1.78427495472e-07 wall_so_far=48.673167379
[LOOP] step=3500 t=0.000607808417294 dt=1.69840404219e-07 wall_so_far=57.409313941
[LOOP] step=4000 t=0.000691713177321 dt=1.66379568149e-07 wall_so_far=66.375337766
[LOOP] step=4500 t=0.000774814297115 dt=1.66480232468e-07 wall_so_far=75.377394156
[LOOP] step=5000 t=0.000857807698129 dt=1.64886918356e-07 wall_so_far=84.344437033
[LOOP] step=5500 t=0.000939999987856 dt=1.63946055408e-07 wall_so_far=93.240845675
[LOOP] step=6000 t=0.00102175379942 dt=1.63387719691e-07 wall_so_far=102.072474245
[LOOP] step=6500 t=0.00110344817724 dt=1.63625120547e-07 wall_so_far=110.861275176
mode=mpi p=4 nx=500 ny=788 copies_y=4 steps=6930 wall_seconds=118.403807047
Running mode=mpi p=8 run=1
[INIT] nx=500 ny=1576 copies_y=8 ng=2 Lx=0.225 Ly=0.712 dx=0.00045 dy=0.000451776649746 cfl=0.4 t_end=0.0011741
[INIT] initial dt=2.21083874874e-07
[LOOP] step=0 t=0 dt=2.21083874874e-07 wall_so_far=0.000845689
[LOOP] step=500 t=8.98545907982e-05 dt=1.72929036454e-07 wall_so_far=7.989073941
[LOOP] step=1000 t=0.000176026610058 dt=1.7076854161e-07 wall_so_far=15.8870751
[LOOP] step=1500 t=0.000261000605922 dt=1.70315596633e-07 wall_so_far=24.383750943
[LOOP] step=2000 t=0.000346655117391 dt=1.71776700163e-07 wall_so_far=33.561896743
[LOOP] step=2500 t=0.000432861597698 dt=1.733266421e-07 wall_so_far=42.813093944
[LOOP] step=3000 t=0.000520906538056 dt=1.78427495472e-07 wall_so_far=51.792222064
[LOOP] step=3500 t=0.000607808417294 dt=1.69840404219e-07 wall_so_far=60.676734186
[LOOP] step=4000 t=0.000691788725705 dt=1.66854976464e-07 wall_so_far=69.544159491
[LOOP] step=4500 t=0.000775132044227 dt=1.66759236872e-07 wall_so_far=78.531033351
[LOOP] step=5000 t=0.000858164936541 dt=1.64879744589e-07 wall_so_far=87.554113596
[LOOP] step=5500 t=0.000940371069615 dt=1.63988872117e-07 wall_so_far=96.459066865
[LOOP] step=6000 t=0.00102216976498 dt=1.63575304344e-07 wall_so_far=105.329139924
[LOOP] step=6500 t=0.00110404307443 dt=1.64200183874e-07 wall_so_far=114.345562449
mode=mpi p=8 nx=500 ny=1576 copies_y=8 steps=6925 wall_seconds=121.78069039
Running mode=mpi p=8 run=2
[INIT] nx=500 ny=1576 copies_y=8 ng=2 Lx=0.225 Ly=0.712 dx=0.00045 dy=0.000451776649746 cfl=0.4 t_end=0.0011741
[INIT] initial dt=2.21083874874e-07
[LOOP] step=0 t=0 dt=2.21083874874e-07 wall_so_far=0.000792267
[LOOP] step=500 t=8.98545907982e-05 dt=1.72929036454e-07 wall_so_far=7.572946355
[LOOP] step=1000 t=0.000176026610058 dt=1.7076854161e-07 wall_so_far=15.034191548
[LOOP] step=1500 t=0.000261000605922 dt=1.70315596633e-07 wall_so_far=22.872752866
[LOOP] step=2000 t=0.000346655117391 dt=1.71776700163e-07 wall_so_far=31.1024394
[LOOP] step=2500 t=0.000432861597698 dt=1.733266421e-07 wall_so_far=39.693108242
[LOOP] step=3000 t=0.000520906538056 dt=1.78427495472e-07 wall_so_far=48.574614104
[LOOP] step=3500 t=0.000607808417294 dt=1.69840404219e-07 wall_so_far=57.456555615
[LOOP] step=4000 t=0.000691788725705 dt=1.66854976464e-07 wall_so_far=66.332271375
[LOOP] step=4500 t=0.000775132044227 dt=1.66759236872e-07 wall_so_far=75.340991517
[LOOP] step=5000 t=0.000858164936541 dt=1.64879744589e-07 wall_so_far=84.324553681
[LOOP] step=5500 t=0.000940371069615 dt=1.63988872117e-07 wall_so_far=93.232871867
[LOOP] step=6000 t=0.00102216976498 dt=1.63575304344e-07 wall_so_far=102.12964009
[LOOP] step=6500 t=0.00110404307443 dt=1.64200183874e-07 wall_so_far=110.920338376
mode=mpi p=8 nx=500 ny=1576 copies_y=8 steps=6925 wall_seconds=118.38635598
Running mode=mpi p=16 run=1
[INIT] nx=500 ny=3152 copies_y=16 ng=2 Lx=0.225 Ly=1.424 dx=0.00045 dy=0.000451776649746 cfl=0.4 t_end=0.0011741
[INIT] initial dt=2.21083874874e-07
[LOOP] step=0 t=0 dt=2.21083874874e-07 wall_so_far=0.001571416
[LOOP] step=500 t=8.98545907982e-05 dt=1.72929036454e-07 wall_so_far=8.385073488
[LOOP] step=1000 t=0.000176026610058 dt=1.7076854161e-07 wall_so_far=16.324999795
[LOOP] step=1500 t=0.000261000605922 dt=1.70315596633e-07 wall_so_far=24.658989095
[LOOP] step=2000 t=0.000346655117391 dt=1.71776700163e-07 wall_so_far=33.376544519
[LOOP] step=2500 t=0.000432861597698 dt=1.733266421e-07 wall_so_far=42.51670517
[LOOP] step=3000 t=0.000520906538056 dt=1.78427495472e-07 wall_so_far=51.94066567
[LOOP] step=3500 t=0.000607808417294 dt=1.69840404219e-07 wall_so_far=61.378288963
[LOOP] step=4000 t=0.000691788725705 dt=1.66854976464e-07 wall_so_far=70.93843745
[LOOP] step=4500 t=0.000775132044227 dt=1.66759236872e-07 wall_so_far=80.516349432
[LOOP] step=5000 t=0.000858164936541 dt=1.64879744589e-07 wall_so_far=90.104426696
[LOOP] step=5500 t=0.000940371069615 dt=1.63988872117e-07 wall_so_far=99.6118986
[LOOP] step=6000 t=0.00102216976498 dt=1.63575304344e-07 wall_so_far=109.111214795
[LOOP] step=6500 t=0.00110404307443 dt=1.64200183874e-07 wall_so_far=118.559358944
mode=mpi p=16 nx=500 ny=3152 copies_y=16 steps=6925 wall_seconds=126.474193837
Running mode=mpi p=16 run=2
[INIT] nx=500 ny=3152 copies_y=16 ng=2 Lx=0.225 Ly=1.424 dx=0.00045 dy=0.000451776649746 cfl=0.4 t_end=0.0011741
[INIT] initial dt=2.21083874874e-07
[LOOP] step=0 t=0 dt=2.21083874874e-07 wall_so_far=0.000992994
[LOOP] step=500 t=8.98545907982e-05 dt=1.72929036454e-07 wall_so_far=7.892282662
[LOOP] step=1000 t=0.000176026610058 dt=1.7076854161e-07 wall_so_far=15.812958131
[LOOP] step=1500 t=0.000261000605922 dt=1.70315596633e-07 wall_so_far=24.125737508
[LOOP] step=2000 t=0.000346655117391 dt=1.71776700163e-07 wall_so_far=32.862322207
[LOOP] step=2500 t=0.000432861597698 dt=1.733266421e-07 wall_so_far=41.974344143
[LOOP] step=3000 t=0.000520906538056 dt=1.78427495472e-07 wall_so_far=51.419609657
[LOOP] step=3500 t=0.000607808417294 dt=1.69840404219e-07 wall_so_far=60.887585185
[LOOP] step=4000 t=0.000691788725705 dt=1.66854976464e-07 wall_so_far=70.381518068
[LOOP] step=4500 t=0.000775132044227 dt=1.66759236872e-07 wall_so_far=79.996149118
[LOOP] step=5000 t=0.000858164936541 dt=1.64879744589e-07 wall_so_far=89.609729693
[LOOP] step=5500 t=0.000940371069615 dt=1.63988872117e-07 wall_so_far=99.137703896
[LOOP] step=6000 t=0.00102216976498 dt=1.63575304344e-07 wall_so_far=108.60554196
[LOOP] step=6500 t=0.00110404307443 dt=1.64200183874e-07 wall_so_far=118.003657953
mode=mpi p=16 nx=500 ny=3152 copies_y=16 steps=6925 wall_seconds=125.974040414
[checkpoint] finished mpi

===== SUMMARY =====
serial,p=1,avg=111.786852,min=111.725759,n=2
omp,p=1,avg=108.497767,min=108.461113,n=2
omp,p=2,avg=114.271792,min=113.369035,n=2
omp,p=4,avg=120.623532,min=119.394471,n=2
omp,p=8,avg=129.498438,min=127.038264,n=2
omp,p=16,avg=154.810273,min=154.262842,n=2
mpi,p=1,avg=110.384600,min=110.209787,n=2
mpi,p=2,avg=114.719384,min=114.209643,n=2
mpi,p=4,avg=117.807297,min=117.210786,n=2
mpi,p=8,avg=120.083523,min=118.386356,n=2
mpi,p=16,avg=126.224117,min=125.974040,n=2
===================
